Microchip MPLAB XC8 Compiler V1.12 ()

Linker command line:

--edf=C:\Program Files (x86)\Microchip\xc8\v1.12\dat\en_msgs.txt -cs \
  -h+dist/default/production\PIC16-CurrentCost-HygroTherm-Framework.X.production.sym \
  -z -Q16F689 -ol.obj \
  -Mdist/default/production/PIC16-CurrentCost-HygroTherm-Framework.X.production.map \
  -E1 -ver=XC8 -ACONST=00h-0FFhx16 -ACODE=00h-07FFhx2 -ASTRCODE=00h-0FFFh \
  -AENTRY=00h-0FFhx16 -ASTRING=00h-0FFhx16 -ACOMMON=070h-07Fh \
  -ABANK0=020h-06Fh -ABANK1=0A0h-0EFh -ABANK2=0120h-016Fh \
  -ARAM=020h-06Fh,0A0h-0EFh,0120h-016Fh \
  -AABS1=020h-07Fh,0A0h-0EFh,0120h-016Fh -ASFR0=00h-01Fh -ASFR1=080h-09Fh \
  -ASFR2=0100h-011Fh -ASFR3=0180h-01EFh \
  -preset_vec=00h,intentry,init,end_init -ppowerup=CODE -pfunctab=CODE \
  -ACONFIG=02007h-02007h -pconfig=CONFIG -DCONFIG=2 -AIDLOC=02000h-02003h \
  -pidloc=IDLOC -DIDLOC=2 -AEEDATA=00h-0FFh/02100h -peeprom_data=EEDATA \
  -DEEDATA=2 -DCODE=2 -DSTRCODE=2 -DSTRING=2 -DCONST=2 -DENTRY=2 -k \
  C:\Users\graham\AppData\Local\Temp\sqo.obj \
  dist/default/production\PIC16-CurrentCost-HygroTherm-Framework.X.production.obj 

Object code version is 3.10

Machine type is 16F689



                Name                               Link     Load   Length Selector   Space Scale
C:\Users\graham\AppData\Local\Temp\sqo.obj
                end_init                              0        0        2        0       0
                config                             2007     2007        1     400E       0
dist/default/production\PIC16-CurrentCost-HygroTherm-Framework.X.production.obj
                text427                             600      600       4D      C00       0
                text426                             3F9      3F9       10      7F2       0
                text425                             46E      46E       27      8DC       0
                text424                             3DB      3DB        F      7B6       0
                text423                             3C0      3C0        5      780       0
                text422                             4BC      4BC       29      978       0
                text421                             44D      44D       21      89A       0
                text420                             3C5      3C5        8      78A       0
                text419                             57E      57E       3A      AFC       0
                text418                             546      546       38      A8C       0
                text417                             3CD      3CD        E      79A       0
                text416                             495      495       27      92A       0
                text415                             4E5      4E5       2F      9CA       0
                text414                             64D      64D       6D      C9A       0
                text413                             41A      41A       17      834       0
                text412                             514      514       32      A28       0
                text411                             431      431       1C      862       0
                text410                             3EA      3EA        F      7D4       0
                text409                             6BA      6BA       70      D74       0
                text408                             5B8      5B8       48      B70       0
                maintext                            72A      72A       D6      E54       0
                cstackBANK0                          20       20        F       20       1
                cstackCOMMON                         70       70        D       70       1
                bssBANK0                             2F       2F        D       20       1
                bssCOMMON                            7D       7D        1       70       1
                cinit                               409      409       11      812       0
                strings                               2        2        B        4       0

TOTAL           Name                               Link     Load   Length     Space
        CLASS   CONST          

        CLASS   CODE           
                end_init                              0        0        2         0
                text427                             600      600       4D         0
                text426                             3F9      3F9       10         0
                text425                             46E      46E       27         0
                text424                             3DB      3DB        F         0
                text423                             3C0      3C0        5         0
                text422                             4BC      4BC       29         0
                text421                             44D      44D       21         0
                text420                             3C5      3C5        8         0
                text419                             57E      57E       3A         0
                text418                             546      546       38         0
                text417                             3CD      3CD        E         0
                text416                             495      495       27         0
                text415                             4E5      4E5       2F         0
                text414                             64D      64D       6D         0
                text413                             41A      41A       17         0
                text412                             514      514       32         0
                text411                             431      431       1C         0
                text410                             3EA      3EA        F         0
                text409                             6BA      6BA       70         0
                text408                             5B8      5B8       48         0
                maintext                            72A      72A       D6         0
                cinit                               409      409       11         0

        CLASS   STRCODE        

        CLASS   ENTRY          

        CLASS   STRING         
                strings                               2        2        B         0

        CLASS   COMMON         
                cstackCOMMON                         70       70        D         1
                bssCOMMON                            7D       7D        1         1

        CLASS   BANK0          
                cstackBANK0                          20       20        F         1
                bssBANK0                             2F       2F        D         1

        CLASS   BANK1          

        CLASS   BANK2          

        CLASS   RAM            

        CLASS   ABS1           
                abs_s1                               7E       7E        2         1

        CLASS   SFR0           

        CLASS   SFR1           

        CLASS   SFR2           

        CLASS   SFR3           

        CLASS   CONFIG         
                config                             2007     2007        1         0

        CLASS   IDLOC          

        CLASS   EEDATA         

        CLASS   BANK3          



SEGMENTS        Name                           Load    Length   Top    Selector   Space  Class     Delta

                reset_vec                      000000  000002  000002         0       0  CODE        2
                strings                        000002  00000B  00000D         4       0  STRING      2
                cstackBANK0                    000020  00001C  00003C        20       1  BANK0       1
                cstackCOMMON                   000070  00000E  00007E        70       1  COMMON      1
                text423                        0003C0  000005  0003C5       780       0  CODE        2
                text420                        0003C5  000008  0003CD       78A       0  CODE        2
                text417                        0003CD  00000E  0003DB       79A       0  CODE        2
                text424                        0003DB  00000F  0003EA       7B6       0  CODE        2
                text410                        0003EA  00000F  0003F9       7D4       0  CODE        2
                text426                        0003F9  000010  000409       7F2       0  CODE        2
                cinit                          000409  000011  00041A       812       0  CODE        2
                text413                        00041A  000017  000431       834       0  CODE        2
                text411                        000431  00001C  00044D       862       0  CODE        2
                text421                        00044D  000021  00046E       89A       0  CODE        2
                text425                        00046E  000027  000495       8DC       0  CODE        2
                text416                        000495  000027  0004BC       92A       0  CODE        2
                text422                        0004BC  000029  0004E5       978       0  CODE        2
                text415                        0004E5  00002F  000514       9CA       0  CODE        2
                text412                        000514  000032  000546       A28       0  CODE        2
                text418                        000546  000038  00057E       A8C       0  CODE        2
                text419                        00057E  00003A  0005B8       AFC       0  CODE        2
                text408                        0005B8  000048  000600       B70       0  CODE        2
                text427                        000600  00004D  00064D       C00       0  CODE        2
                text414                        00064D  00006D  0006BA       C9A       0  CODE        2
                text409                        0006BA  000070  00072A       D74       0  CODE        2
                maintext                       00072A  0000D6  000800       E54       0  CODE        2
                config                         002007  000001  002008      400E       0  CONFIG      2


UNUSED ADDRESS RANGES

        Name                Unused          Largest block    Delta
        BANK0            003C-006F             34           1
        BANK1            00A0-00EF             50           1
        BANK2            0120-016F             50           1
        CODE             000D-03BF            3B3           2
                         0800-0FFF            800
        CONST            000D-03BF            100           2
                         0800-0FFF            100
        EEDATA           2100-21FF            100           2
        ENTRY            000D-03BF            100           2
                         0800-0FFF            100
        IDLOC            2000-2003              4           2
        RAM              003C-006F             34           1
                         00A0-00EF             50
                         0120-016F             50
        SFR0             0000-001F             20           1
        SFR1             0080-009F             20           1
        SFR2             0100-011F             20           1
        SFR3             0180-01EF             70           1
        STRCODE          000D-03BF            3B3           2
                         0800-0FFF            800
        STRING           000D-03BF            100           2
                         0800-0FFF            100

                                  Symbol Table

?_EEPROM_putc                 cstackCOMMON 0070
?_GenAddr                     cstackCOMMON 0074
?_SendCTRL                    cstackCOMMON 0070
?___lwdiv                     cstackCOMMON 0070
?_doPair                      cstackBANK0  0020
ConfigureOscillator@speed     cstackCOMMON 0070
EEPROM_getc@address           cstackCOMMON 0070
EEPROM_putc@INTCON_SAVE       cstackCOMMON 0073
EEPROM_putc@address           cstackCOMMON 0072
EEPROM_putc@data              cstackCOMMON 0070
GenAddr@txBuff                cstackCOMMON 0076
GenAddr@type                  cstackCOMMON 0074
GetAddr@txBuff                cstackCOMMON 0072
PairTX@cnt                    cstackCOMMON 007A
PairTX@txBuff                 cstackCOMMON 007B
SendCTRL@cnt                  cstackCOMMON 0073
SendCTRL@tosend               cstackCOMMON 0070
SendFSK@cnt                   cstackCOMMON 0073
SendFSK@data                  cstackCOMMON 0072
SendManFSK@cnt                cstackCOMMON 0073
SendManFSK@data               cstackCOMMON 0072
Sendbit@data                  cstackCOMMON 0070
TXData@cnt                    cstackCOMMON 0076
TXData@txBuff                 cstackCOMMON 0075
_ANSEL                        (abs)        011E
_ANSELH                       (abs)        011F
_ConfigureOscillator          text410      03EA
_DHTData                      bssBANK0     002F
_EEADR                        (abs)        010D
_EECON1bits                   (abs)        018C
_EECON2                       (abs)        018D
_EEDATA                       (abs)        010C
_EEPROM_getc                  text417      03CD
_EEPROM_putc                  text416      0495
_GenAddr                      text415      04E5
_GetAddr                      text413      041A
_INTCON                       (abs)        000B
_InitApp                      text411      0431
_InitRadio                    text412      0514
_OSCCON                       (abs)        008F
_PIR2bits                     (abs)        000D
_PairTX                       text418      0546
_RA0                          (abs)        0028
_RB4                          (abs)        0034
_RB6                          (abs)        0036
_RB7                          (abs)        0037
_RC3                          (abs)        003B
_RC4                          (abs)        003C
_RC5                          (abs)        003D
_RC6                          (abs)        003E
_SendCTRL                     text425      046E
_SendFSK                      text421      044D
_SendManFSK                   text422      04BC
_Sendbit                      text426      03F9
_StartTX                      text420      03C5
_StopTX                       text424      03DB
_T1CON                        (abs)        0010
_TMR1H                        (abs)        000F
_TMR1L                        (abs)        000E
_TRISA                        (abs)        0085
_TRISB                        (abs)        0086
_TRISC                        (abs)        0087
_TRISC3                       (abs)        043B
_TXData                       text419      057E
_WPUB4                        (abs)        08AC
_WaitFSK                      text423      03C0
__CFG_BOREN$OFF               (abs)        0000
__CFG_FCMEN$OFF               (abs)        0000
__CFG_FOSC$INTRCIO            (abs)        0000
__CFG_IESO$OFF                (abs)        0000
__CFG_PWRTE$ON                (abs)        0000
__CFG_WDTE$OFF                (abs)        0000
__Habs1                       abs1         0000
__Hbank0                      bank0        0000
__Hbank1                      bank1        0000
__Hbank2                      bank2        0000
__Hbank3                      bank3        0000
__HbssBANK0                   bssBANK0     0000
__HbssCOMMON                  bssCOMMON    0000
__Hcinit                      cinit        0000
__Hclrtext                    clrtext      0000
__Hcode                       code         0000
__Hcommon                     common       0000
__Hconfig                     config       2008
__HcstackBANK0                cstackBANK0  0000
__HcstackCOMMON               cstackCOMMON 0000
__Heeprom_data                eeprom_data  0000
__Hend_init                   end_init     0002
__Hfunctab                    functab      0000
__Hidloc                      idloc        0000
__Hinit                       init         0000
__Hintentry                   intentry     0000
__Hmaintext                   maintext     0000
__Hpowerup                    powerup      0000
__Hram                        ram          0000
__Hreset_vec                  reset_vec    0000
__Hsfr0                       sfr0         0000
__Hsfr1                       sfr1         0000
__Hsfr2                       sfr2         0000
__Hsfr3                       sfr3         0000
__Hstrings                    strings      0000
__Htext                       text         0000
__Labs1                       abs1         0000
__Lbank0                      bank0        0000
__Lbank1                      bank1        0000
__Lbank2                      bank2        0000
__Lbank3                      bank3        0000
__LbssBANK0                   bssBANK0     0000
__LbssCOMMON                  bssCOMMON    0000
__Lcinit                      cinit        0000
__Lclrtext                    clrtext      0000
__Lcode                       code         0000
__Lcommon                     common       0000
__Lconfig                     config       2007
__LcstackBANK0                cstackBANK0  0000
__LcstackCOMMON               cstackCOMMON 0000
__Leeprom_data                eeprom_data  0000
__Lend_init                   end_init     0000
__Lfunctab                    functab      0000
__Lidloc                      idloc        0000
__Linit                       init         0000
__Lintentry                   intentry     0000
__Lmaintext                   maintext     0000
__Lpowerup                    powerup      0000
__Lram                        ram          0000
__Lreset_vec                  reset_vec    0000
__Lsfr0                       sfr0         0000
__Lsfr1                       sfr1         0000
__Lsfr2                       sfr2         0000
__Lsfr3                       sfr3         0000
__Lstrings                    strings      0000
__Ltext                       text         0000
__S0                          (abs)        2008
__S1                          (abs)        007E
__S2                          (abs)        0000
___lwdiv                      text427      0600
___lwdiv@counter              cstackCOMMON 0077
___lwdiv@dividend             cstackCOMMON 0072
___lwdiv@divisor              cstackCOMMON 0070
___lwdiv@quotient             cstackCOMMON 0075
__end_of_ConfigureOscillator  text410      03F9
__end_of_EEPROM_getc          text417      03DB
__end_of_EEPROM_putc          text416      04BC
__end_of_GenAddr              text415      0514
__end_of_GetAddr              text413      0431
__end_of_InitApp              text411      044D
__end_of_InitRadio            text412      0546
__end_of_PairTX               text418      057E
__end_of_SendCTRL             text425      0495
__end_of_SendFSK              text421      046E
__end_of_SendManFSK           text422      04E5
__end_of_Sendbit              text426      0409
__end_of_StartTX              text420      03CD
__end_of_StopTX               text424      03EA
__end_of_TXData               text419      05B8
__end_of_WaitFSK              text423      03C5
__end_of___lwdiv              text427      064D
__end_of__initialization      cinit        0417
__end_of__stringtab           strings      0008
__end_of_doPair               text414      06BA
__end_of_getValue             text408      0600
__end_of_mIpu                 strings      000C
__end_of_mType                strings      000D
__end_of_main                 maintext     0800
__end_of_readDHT              text409      072A
__initialization              cinit        0409
__pbssBANK0                   bssBANK0     002F
__pbssCOMMON                  bssCOMMON    007D
__pcstackBANK0                cstackBANK0  0020
__pcstackCOMMON               cstackCOMMON 0070
__pmaintext                   maintext     072A
__pstrings                    strings      0002
__ptext408                    text408      05B8
__ptext409                    text409      06BA
__ptext410                    text410      03EA
__ptext411                    text411      0431
__ptext412                    text412      0514
__ptext413                    text413      041A
__ptext414                    text414      064D
__ptext415                    text415      04E5
__ptext416                    text416      0495
__ptext417                    text417      03CD
__ptext418                    text418      0546
__ptext419                    text419      057E
__ptext420                    text420      03C5
__ptext421                    text421      044D
__ptext422                    text422      04BC
__ptext423                    text423      03C0
__ptext424                    text424      03DB
__ptext425                    text425      046E
__ptext426                    text426      03F9
__ptext427                    text427      0600
__ptext428                    text428      0000
__size_of_ConfigureOscillator (abs)        0000
__size_of_EEPROM_getc         (abs)        0000
__size_of_EEPROM_putc         (abs)        0000
__size_of_GenAddr             (abs)        0000
__size_of_GetAddr             (abs)        0000
__size_of_InitApp             (abs)        0000
__size_of_InitRadio           (abs)        0000
__size_of_PairTX              (abs)        0000
__size_of_SendCTRL            (abs)        0000
__size_of_SendFSK             (abs)        0000
__size_of_SendManFSK          (abs)        0000
__size_of_Sendbit             (abs)        0000
__size_of_StartTX             (abs)        0000
__size_of_StopTX              (abs)        0000
__size_of_TXData              (abs)        0000
__size_of_WaitFSK             (abs)        0000
__size_of___lwdiv             (abs)        0000
__size_of_doPair              (abs)        0000
__size_of_getValue            (abs)        0000
__size_of_main                (abs)        0000
__size_of_readDHT             (abs)        0000
__stringtab                   strings      0002
_datapacket                   bssBANK0     0034
_doPair                       text414      064D
_gcnt                         bssCOMMON    007D
_getValue                     text408      05B8
_mIpu                         strings      0008
_mType                        strings      000C
_main                         maintext     072A
_nRABPU                       (abs)        040F
_readDHT                      text409      06BA
btemp                         (abs)        007E
doPair@ipu                    cstackBANK0  0021
doPair@mType                  cstackBANK0  0020
doPair@txBuff                 cstackCOMMON 007C
end_of_initialization         cinit        0417
getValue@Humi                 cstackCOMMON 007B
intlevel0                     functab      0000
intlevel1                     functab      0000
intlevel2                     functab      0000
intlevel3                     functab      0000
intlevel4                     functab      0000
intlevel5                     functab      0000
main@cnt                      cstackBANK0  002E
main@debounce                 cstackBANK0  002D
readDHT@i                     cstackCOMMON 0072
readDHT@k                     cstackCOMMON 0073
reset_vec                     reset_vec    0000
start                         init         0000
start_initialization          cinit        0409
wtemp0                        (abs)        007E


FUNCTION INFORMATION:

 *************** function _main *****************
 Defined at:
		line 52 in file "main.c"
 Parameters:    Size  Location     Type
		None
 Auto vars:     Size  Location     Type
  cnt             1   14[BANK0 ] unsigned char 
  debounce        1   13[BANK0 ] unsigned char 
 Return value:  Size  Location     Type
		None               void
 Registers used:
		wreg, fsr0l, fsr0h, status,2, status,0, btemp+1, pclath, cstack
 Tracked objects:
		On entry : 
		On exit  : 
		Unchanged: 
 Data sizes:     COMMON   BANK0   BANK1   BANK2
      Params:         0       0       0       0
      Locals:         0       2       0       0
      Temps:          0       3       0       0
      Totals:         0       5       0       0
Total ram usage:        5 bytes
 Hardware stack levels required when called:    5
 This function calls:
		_ConfigureOscillator
		_InitApp
		_InitRadio
		_GetAddr
		_getValue
		_TXData
		_doPair
 This function is called by:
		Startup code after reset
 This function uses a non-reentrant model


 *************** function _getValue *****************
 Defined at:
		line 31 in file "main.c"
 Parameters:    Size  Location     Type
		None
 Auto vars:     Size  Location     Type
  Humi            2   11[COMMON] unsigned int 
 Return value:  Size  Location     Type
		None               void
 Registers used:
		wreg, fsr0l, fsr0h, status,2, status,0, btemp+1, pclath, cstack
 Tracked objects:
		On entry : 
		On exit  : 
		Unchanged: 
 Data sizes:     COMMON   BANK0   BANK1   BANK2
      Params:         0       0       0       0
      Locals:         2       0       0       0
      Temps:          3       0       0       0
      Totals:         5       0       0       0
Total ram usage:        5 bytes
 Hardware stack levels used:    1
 Hardware stack levels required when called:    1
 This function calls:
		_readDHT
		___lwdiv
 This function is called by:
		_main
 This function uses a non-reentrant model


 *************** function _readDHT *****************
 Defined at:
		line 104 in file "main.c"
 Parameters:    Size  Location     Type
		None
 Auto vars:     Size  Location     Type
  k               1    3[COMMON] unsigned char 
  i               1    2[COMMON] unsigned char 
 Return value:  Size  Location     Type
		None               void
 Registers used:
		wreg, fsr0l, fsr0h, status,2, status,0
 Tracked objects:
		On entry : 
		On exit  : 
		Unchanged: 
 Data sizes:     COMMON   BANK0   BANK1   BANK2
      Params:         0       0       0       0
      Locals:         2       0       0       0
      Temps:          2       0       0       0
      Totals:         4       0       0       0
Total ram usage:        4 bytes
 Hardware stack levels used:    1
 This function calls:
		Nothing
 This function is called by:
		_getValue
 This function uses a non-reentrant model


 *************** function _ConfigureOscillator *****************
 Defined at:
		line 254 in file "user.c"
 Parameters:    Size  Location     Type
  speed           1    wreg     unsigned char 
 Auto vars:     Size  Location     Type
  speed           1    0[COMMON] unsigned char 
 Return value:  Size  Location     Type
		None               void
 Registers used:
		wreg, status,2
 Tracked objects:
		On entry : 
		On exit  : 
		Unchanged: 
 Data sizes:     COMMON   BANK0   BANK1   BANK2
      Params:         0       0       0       0
      Locals:         1       0       0       0
      Temps:          0       0       0       0
      Totals:         1       0       0       0
Total ram usage:        1 bytes
 Hardware stack levels used:    1
 This function calls:
		Nothing
 This function is called by:
		_main
 This function uses a non-reentrant model


 *************** function _InitApp *****************
 Defined at:
		line 231 in file "user.c"
 Parameters:    Size  Location     Type
		None
 Auto vars:     Size  Location     Type
		None
 Return value:  Size  Location     Type
		None               void
 Registers used:
		wreg, status,2
 Tracked objects:
		On entry : 
		On exit  : 
		Unchanged: 
 Data sizes:     COMMON   BANK0   BANK1   BANK2
      Params:         0       0       0       0
      Locals:         0       0       0       0
      Temps:          0       0       0       0
      Totals:         0       0       0       0
Total ram usage:        0 bytes
 Hardware stack levels used:    1
 This function calls:
		Nothing
 This function is called by:
		_main
 This function uses a non-reentrant model


 *************** function _InitRadio *****************
 Defined at:
		line 87 in file "user.c"
 Parameters:    Size  Location     Type
		None
 Auto vars:     Size  Location     Type
		None
 Return value:  Size  Location     Type
		None               void
 Registers used:
		wreg, status,2, status,0, pclath, cstack
 Tracked objects:
		On entry : 
		On exit  : 
		Unchanged: 
 Data sizes:     COMMON   BANK0   BANK1   BANK2
      Params:         0       0       0       0
      Locals:         0       0       0       0
      Temps:          0       0       0       0
      Totals:         0       0       0       0
Total ram usage:        0 bytes
 Hardware stack levels used:    1
 Hardware stack levels required when called:    1
 This function calls:
		_SendCTRL
 This function is called by:
		_main
 This function uses a non-reentrant model


 *************** function _GetAddr *****************
 Defined at:
		line 29 in file "user.c"
 Parameters:    Size  Location     Type
  txBuff          1    wreg     PTR unsigned char 
		 -> datapacket(8), 
 Auto vars:     Size  Location     Type
  txBuff          1    2[COMMON] PTR unsigned char 
		 -> datapacket(8), 
 Return value:  Size  Location     Type
                  2   12[COMMON] unsigned int 
 Registers used:
		wreg, fsr0l, fsr0h, pclath, cstack
 Tracked objects:
		On entry : 
		On exit  : 
		Unchanged: 
 Data sizes:     COMMON   BANK0   BANK1   BANK2
      Params:         0       0       0       0
      Locals:         1       0       0       0
      Temps:          1       0       0       0
      Totals:         2       0       0       0
Total ram usage:        2 bytes
 Hardware stack levels used:    1
 Hardware stack levels required when called:    1
 This function calls:
		_EEPROM_getc
 This function is called by:
		_main
 This function uses a non-reentrant model


 *************** function _doPair *****************
 Defined at:
		line 57 in file "user.c"
 Parameters:    Size  Location     Type
  txBuff          1    wreg     PTR unsigned char 
		 -> datapacket(8), 
  mType           1    0[BANK0 ] unsigned char 
  ipu             4    1[BANK0 ] unsigned long 
 Auto vars:     Size  Location     Type
  txBuff          1   12[COMMON] PTR unsigned char 
		 -> datapacket(8), 
 Return value:  Size  Location     Type
		None               void
 Registers used:
		wreg, fsr0l, fsr0h, status,2, status,0, pclath, cstack
 Tracked objects:
		On entry : 
		On exit  : 
		Unchanged: 
 Data sizes:     COMMON   BANK0   BANK1   BANK2
      Params:         0       5       0       0
      Locals:         1       0       0       0
      Temps:          0       5       0       0
      Totals:         1      10       0       0
Total ram usage:       11 bytes
 Hardware stack levels used:    1
 Hardware stack levels required when called:    4
 This function calls:
		_GenAddr
		_PairTX
 This function is called by:
		_main
 This function uses a non-reentrant model


 *************** function _GenAddr *****************
 Defined at:
		line 18 in file "user.c"
 Parameters:    Size  Location     Type
  txBuff          1    wreg     PTR unsigned char 
		 -> datapacket(8), 
  type            1    4[COMMON] unsigned char 
 Auto vars:     Size  Location     Type
  txBuff          1    6[COMMON] PTR unsigned char 
		 -> datapacket(8), 
 Return value:  Size  Location     Type
                  2    4[COMMON] unsigned int 
 Registers used:
		wreg, fsr0l, fsr0h, status,2, status,0, pclath, cstack
 Tracked objects:
		On entry : 
		On exit  : 
		Unchanged: 
 Data sizes:     COMMON   BANK0   BANK1   BANK2
      Params:         1       0       0       0
      Locals:         1       0       0       0
      Temps:          1       0       0       0
      Totals:         3       0       0       0
Total ram usage:        3 bytes
 Hardware stack levels used:    1
 Hardware stack levels required when called:    1
 This function calls:
		_EEPROM_putc
 This function is called by:
		_doPair
 This function uses a non-reentrant model


 *************** function _EEPROM_putc *****************
 Defined at:
		line 187 in file "user.c"
 Parameters:    Size  Location     Type
  address         1    wreg     unsigned char 
  data            1    0[COMMON] unsigned char 
 Auto vars:     Size  Location     Type
  address         1    2[COMMON] unsigned char 
  INTCON_SAVE     1    3[COMMON] unsigned char 
 Return value:  Size  Location     Type
		None               void
 Registers used:
		wreg, status,2
 Tracked objects:
		On entry : 
		On exit  : 
		Unchanged: 
 Data sizes:     COMMON   BANK0   BANK1   BANK2
      Params:         1       0       0       0
      Locals:         2       0       0       0
      Temps:          1       0       0       0
      Totals:         4       0       0       0
Total ram usage:        4 bytes
 Hardware stack levels used:    1
 This function calls:
		Nothing
 This function is called by:
		_GenAddr
 This function uses a non-reentrant model


 *************** function _EEPROM_getc *****************
 Defined at:
		line 219 in file "user.c"
 Parameters:    Size  Location     Type
  address         1    wreg     unsigned char 
 Auto vars:     Size  Location     Type
  address         1    0[COMMON] unsigned char 
 Return value:  Size  Location     Type
                  1    wreg      unsigned char 
 Registers used:
		wreg
 Tracked objects:
		On entry : 
		On exit  : 
		Unchanged: 
 Data sizes:     COMMON   BANK0   BANK1   BANK2
      Params:         0       0       0       0
      Locals:         1       0       0       0
      Temps:          0       0       0       0
      Totals:         1       0       0       0
Total ram usage:        1 bytes
 Hardware stack levels used:    1
 This function calls:
		Nothing
 This function is called by:
		_GetAddr
 This function uses a non-reentrant model


 *************** function _PairTX *****************
 Defined at:
		line 68 in file "user.c"
 Parameters:    Size  Location     Type
  txBuff          1    wreg     PTR unsigned char 
		 -> datapacket(8), 
 Auto vars:     Size  Location     Type
  txBuff          1   11[COMMON] PTR unsigned char 
		 -> datapacket(8), 
  cnt             1   10[COMMON] unsigned char 
 Return value:  Size  Location     Type
		None               void
 Registers used:
		wreg, fsr0l, fsr0h, status,2, status,0, pclath, cstack
 Tracked objects:
		On entry : 
		On exit  : 
		Unchanged: 
 Data sizes:     COMMON   BANK0   BANK1   BANK2
      Params:         0       0       0       0
      Locals:         2       0       0       0
      Temps:          3       0       0       0
      Totals:         5       0       0       0
Total ram usage:        5 bytes
 Hardware stack levels used:    1
 Hardware stack levels required when called:    3
 This function calls:
		_TXData
 This function is called by:
		_doPair
 This function uses a non-reentrant model


 *************** function _TXData *****************
 Defined at:
		line 39 in file "user.c"
 Parameters:    Size  Location     Type
  txBuff          1    wreg     PTR unsigned char 
		 -> datapacket(8), 
 Auto vars:     Size  Location     Type
  txBuff          1    5[COMMON] PTR unsigned char 
		 -> datapacket(8), 
  cnt             1    6[COMMON] unsigned char 
 Return value:  Size  Location     Type
		None               void
 Registers used:
		wreg, fsr0l, fsr0h, status,2, status,0, pclath, cstack
 Tracked objects:
		On entry : 
		On exit  : 
		Unchanged: 
 Data sizes:     COMMON   BANK0   BANK1   BANK2
      Params:         0       0       0       0
      Locals:         2       0       0       0
      Temps:          1       0       0       0
      Totals:         3       0       0       0
Total ram usage:        3 bytes
 Hardware stack levels used:    1
 Hardware stack levels required when called:    2
 This function calls:
		_StartTX
		_SendFSK
		_SendManFSK
		_WaitFSK
		_StopTX
 This function is called by:
		_main
		_PairTX
 This function uses a non-reentrant model


 *************** function _StartTX *****************
 Defined at:
		line 99 in file "user.c"
 Parameters:    Size  Location     Type
		None
 Auto vars:     Size  Location     Type
		None
 Return value:  Size  Location     Type
		None               void
 Registers used:
		wreg, status,2, status,0, pclath, cstack
 Tracked objects:
		On entry : 
		On exit  : 
		Unchanged: 
 Data sizes:     COMMON   BANK0   BANK1   BANK2
      Params:         0       0       0       0
      Locals:         0       0       0       0
      Temps:          0       0       0       0
      Totals:         0       0       0       0
Total ram usage:        0 bytes
 Hardware stack levels used:    1
 Hardware stack levels required when called:    1
 This function calls:
		_SendCTRL
 This function is called by:
		_TXData
 This function uses a non-reentrant model


 *************** function _SendFSK *****************
 Defined at:
		line 144 in file "user.c"
 Parameters:    Size  Location     Type
  data            1    wreg     unsigned char 
 Auto vars:     Size  Location     Type
  data            1    2[COMMON] unsigned char 
  cnt             1    3[COMMON] unsigned char 
 Return value:  Size  Location     Type
		None               void
 Registers used:
		wreg, status,2, status,0, pclath, cstack
 Tracked objects:
		On entry : 
		On exit  : 
		Unchanged: 
 Data sizes:     COMMON   BANK0   BANK1   BANK2
      Params:         0       0       0       0
      Locals:         2       0       0       0
      Temps:          1       0       0       0
      Totals:         3       0       0       0
Total ram usage:        3 bytes
 Hardware stack levels used:    1
 Hardware stack levels required when called:    1
 This function calls:
		_Sendbit
 This function is called by:
		_TXData
 This function uses a non-reentrant model


 *************** function _SendManFSK *****************
 Defined at:
		line 127 in file "user.c"
 Parameters:    Size  Location     Type
  data            1    wreg     unsigned char 
 Auto vars:     Size  Location     Type
  data            1    2[COMMON] unsigned char 
  cnt             1    3[COMMON] unsigned char 
 Return value:  Size  Location     Type
		None               void
 Registers used:
		wreg, status,2, status,0, pclath, cstack
 Tracked objects:
		On entry : 
		On exit  : 
		Unchanged: 
 Data sizes:     COMMON   BANK0   BANK1   BANK2
      Params:         0       0       0       0
      Locals:         2       0       0       0
      Temps:          1       0       0       0
      Totals:         3       0       0       0
Total ram usage:        3 bytes
 Hardware stack levels used:    1
 Hardware stack levels required when called:    1
 This function calls:
		_Sendbit
 This function is called by:
		_TXData
 This function uses a non-reentrant model


 *************** function _WaitFSK *****************
 Defined at:
		line 171 in file "user.c"
 Parameters:    Size  Location     Type
		None
 Auto vars:     Size  Location     Type
		None
 Return value:  Size  Location     Type
		None               void
 Registers used:
		None
 Tracked objects:
		On entry : 
		On exit  : 
		Unchanged: 
 Data sizes:     COMMON   BANK0   BANK1   BANK2
      Params:         0       0       0       0
      Locals:         0       0       0       0
      Temps:          0       0       0       0
      Totals:         0       0       0       0
Total ram usage:        0 bytes
 Hardware stack levels used:    1
 This function calls:
		Nothing
 This function is called by:
		_TXData
 This function uses a non-reentrant model


 *************** function _StopTX *****************
 Defined at:
		line 105 in file "user.c"
 Parameters:    Size  Location     Type
		None
 Auto vars:     Size  Location     Type
		None
 Return value:  Size  Location     Type
		None               void
 Registers used:
		wreg, status,2, status,0, pclath, cstack
 Tracked objects:
		On entry : 
		On exit  : 
		Unchanged: 
 Data sizes:     COMMON   BANK0   BANK1   BANK2
      Params:         0       0       0       0
      Locals:         0       0       0       0
      Temps:          0       0       0       0
      Totals:         0       0       0       0
Total ram usage:        0 bytes
 Hardware stack levels used:    1
 Hardware stack levels required when called:    1
 This function calls:
		_SendCTRL
 This function is called by:
		_TXData
 This function uses a non-reentrant model


 *************** function _SendCTRL *****************
 Defined at:
		line 111 in file "user.c"
 Parameters:    Size  Location     Type
  tosend          2    0[COMMON] unsigned int 
 Auto vars:     Size  Location     Type
  cnt             1    3[COMMON] unsigned char 
 Return value:  Size  Location     Type
		None               void
 Registers used:
		wreg, status,2, status,0
 Tracked objects:
		On entry : 
		On exit  : 
		Unchanged: 
 Data sizes:     COMMON   BANK0   BANK1   BANK2
      Params:         2       0       0       0
      Locals:         1       0       0       0
      Temps:          1       0       0       0
      Totals:         4       0       0       0
Total ram usage:        4 bytes
 Hardware stack levels used:    1
 This function calls:
		Nothing
 This function is called by:
		_InitRadio
		_StartTX
		_StopTX
 This function uses a non-reentrant model


 *************** function _Sendbit *****************
 Defined at:
		line 158 in file "user.c"
 Parameters:    Size  Location     Type
  data            1    wreg     unsigned char 
 Auto vars:     Size  Location     Type
  data            1    0[COMMON] unsigned char 
 Return value:  Size  Location     Type
		None               void
 Registers used:
		wreg
 Tracked objects:
		On entry : 
		On exit  : 
		Unchanged: 
 Data sizes:     COMMON   BANK0   BANK1   BANK2
      Params:         0       0       0       0
      Locals:         1       0       0       0
      Temps:          0       0       0       0
      Totals:         1       0       0       0
Total ram usage:        1 bytes
 Hardware stack levels used:    1
 This function calls:
		Nothing
 This function is called by:
		_SendManFSK
		_SendFSK
 This function uses a non-reentrant model


 *************** function ___lwdiv *****************
 Defined at:
		line 5 in file "C:\Program Files (x86)\Microchip\xc8\v1.12\sources\lwdiv.c"
 Parameters:    Size  Location     Type
  divisor         2    0[COMMON] unsigned int 
  dividend        2    2[COMMON] unsigned int 
 Auto vars:     Size  Location     Type
  quotient        2    5[COMMON] unsigned int 
  counter         1    7[COMMON] unsigned char 
 Return value:  Size  Location     Type
                  2    0[COMMON] unsigned int 
 Registers used:
		wreg, status,2, status,0
 Tracked objects:
		On entry : 
		On exit  : 
		Unchanged: 
 Data sizes:     COMMON   BANK0   BANK1   BANK2
      Params:         4       0       0       0
      Locals:         3       0       0       0
      Temps:          1       0       0       0
      Totals:         8       0       0       0
Total ram usage:        8 bytes
 Hardware stack levels used:    1
 This function calls:
		Nothing
 This function is called by:
		_getValue
 This function uses a non-reentrant model



MODULE INFORMATION

Module		Function		Class		Link	Load	Size
shared
		__stringtab    		STRING         	0002	0000	6
		_mType         		STRING         	000C	0000	1
		__initializatio		CODE           	0409	0000	14
		_mIpu          		STRING         	0008	0000	4

shared estimated size: 25

main.c
		_getValue      		CODE           	05B8	0000	72
		_main          		CODE           	072A	0000	214
		_readDHT       		CODE           	06BA	0000	112

main.c estimated size: 398

C:\Program Files (x86)\Microchip\xc8\v1.12\sources\lwdiv.c
		___lwdiv       		CODE           	0600	0000	77

C:\Program Files (x86)\Microchip\xc8\v1.12\sources\lwdiv.c estimated size: 77

user.c
		_PairTX        		CODE           	0546	0000	56
		_Sendbit       		CODE           	03F9	0000	16
		_EEPROM_getc   		CODE           	03CD	0000	14
		_EEPROM_putc   		CODE           	0495	0000	39
		_ConfigureOscil		CODE           	03EA	0000	15
		_SendCTRL      		CODE           	046E	0000	39
		_GenAddr       		CODE           	04E5	0000	47
		_TXData        		CODE           	057E	0000	58
		_InitApp       		CODE           	0431	0000	28
		_StopTX        		CODE           	03DB	0000	15
		_doPair        		CODE           	064D	0000	109
		_GetAddr       		CODE           	041A	0000	23
		_SendFSK       		CODE           	044D	0000	33
		_SendManFSK    		CODE           	04BC	0000	41
		_WaitFSK       		CODE           	03C0	0000	5
		_StartTX       		CODE           	03C5	0000	8
		_InitRadio     		CODE           	0514	0000	50

user.c estimated size: 596

